// Jest Snapshot v1, https://goo.gl/fbAQLP

exports[`<Card /> renders without error 1`] = `
Object {
  "asFragment": [Function],
  "baseElement": <body>
    <div>
      <article
        aria-describedby="example-id-title"
        class="sc-AykKC bMVsyO card"
        data-testid="card"
        id="example-id"
      >
        <h3
          class="sc-AykKD fmWgRt card__title"
          data-testid="card-title"
          id="example-id-title"
        >
          Example title
        </h3>
        <p>
          Test children
        </p>
      </article>
    </div>
  </body>,
  "container": <div>
    <article
      aria-describedby="example-id-title"
      class="sc-AykKC bMVsyO card"
      data-testid="card"
      id="example-id"
    >
      <h3
        class="sc-AykKD fmWgRt card__title"
        data-testid="card-title"
        id="example-id-title"
      >
        Example title
      </h3>
      <p>
        Test children
      </p>
    </article>
  </div>,
  "debug": [Function],
  "findAllByAltText": [Function],
  "findAllByDisplayValue": [Function],
  "findAllByLabelText": [Function],
  "findAllByPlaceholderText": [Function],
  "findAllByRole": [Function],
  "findAllByTestId": [Function],
  "findAllByText": [Function],
  "findAllByTitle": [Function],
  "findByAltText": [Function],
  "findByDisplayValue": [Function],
  "findByLabelText": [Function],
  "findByPlaceholderText": [Function],
  "findByRole": [Function],
  "findByTestId": [Function],
  "findByText": [Function],
  "findByTitle": [Function],
  "getAllByAltText": [Function],
  "getAllByDisplayValue": [Function],
  "getAllByLabelText": [Function],
  "getAllByPlaceholderText": [Function],
  "getAllByRole": [Function],
  "getAllByTestId": [Function],
  "getAllByText": [Function],
  "getAllByTitle": [Function],
  "getByAltText": [Function],
  "getByDisplayValue": [Function],
  "getByLabelText": [Function],
  "getByPlaceholderText": [Function],
  "getByRole": [Function],
  "getByTestId": [Function],
  "getByText": [Function],
  "getByTitle": [Function],
  "queryAllByAltText": [Function],
  "queryAllByDisplayValue": [Function],
  "queryAllByLabelText": [Function],
  "queryAllByPlaceholderText": [Function],
  "queryAllByRole": [Function],
  "queryAllByTestId": [Function],
  "queryAllByText": [Function],
  "queryAllByTitle": [Function],
  "queryByAltText": [Function],
  "queryByDisplayValue": [Function],
  "queryByLabelText": [Function],
  "queryByPlaceholderText": [Function],
  "queryByRole": [Function],
  "queryByTestId": [Function],
  "queryByText": [Function],
  "queryByTitle": [Function],
  "rerender": [Function],
  "unmount": [Function],
}
`;
